\BOOKMARK [0][-]{chapter*.2}{\376\377\000B\000e\000v\000e\000z\000e\000t\000\351\000s}{}% 1
\BOOKMARK [0][-]{chapter.1}{\376\377\0001\000.\000\040\000T\000e\000c\000h\000n\000o\000l\000\363\000g\000i\000a\000i\000\040\000\341\000t\000t\000e\000k\000i\000n\000t\000\351\000s}{}% 2
\BOOKMARK [1][-]{section.1.1}{\376\377\0001\000.\0001\000.\000\040\000U\000n\000r\000e\000a\000l\000\040\000E\000n\000g\000i\000n\000e}{chapter.1}% 3
\BOOKMARK [1][-]{section.1.2}{\376\377\0001\000.\0002\000.\000\040\000G\000o\000d\000o\000t}{chapter.1}% 4
\BOOKMARK [1][-]{section.1.3}{\376\377\0001\000.\0003\000.\000\040\000U\000n\000i\000t\000y}{chapter.1}% 5
\BOOKMARK [2][-]{subsection.1.3.1}{\376\377\0001\000.\0003\000.\0001\000.\000\040\000K\000o\000m\000p\000o\000n\000e\000n\000s\000e\000k}{section.1.3}% 6
\BOOKMARK [0][-]{chapter.2}{\376\377\0002\000.\000\040\000I\000n\000s\000p\000i\000r\000\341\000c\000i\000\363\000s\000\040\000h\000\341\000t\000t\000\351\000r}{}% 7
\BOOKMARK [1][-]{section.2.1}{\376\377\0002\000.\0001\000.\000\040\000K\000\366\000z\000l\000e\000k\000e\000d\000\351\000s\000i\000\040\000s\000z\000a\000b\000\341\000l\000y\000o\000k}{chapter.2}% 8
\BOOKMARK [1][-]{section.2.2}{\376\377\0002\000.\0002\000.\000\040\000K\000\366\000z\000l\000e\000k\000e\000d\000\351\000s\000i\000\040\000t\000\341\000b\000l\000\341\000k}{chapter.2}% 9
\BOOKMARK [2][-]{subsection.2.2.1}{\376\377\0002\000.\0002\000.\0001\000.\000\040\000E\000g\000y\000e\000n\000r\000a\000n\000g\000\372\000\040\000k\000e\000r\000e\000s\000z\000t\000e\000z\001\121\000d\000\351\000s}{section.2.2}% 10
\BOOKMARK [2][-]{subsection.2.2.2}{\376\377\0002\000.\0002\000.\0002\000.\000\040\000E\000l\000s\001\121\000b\000b\000s\000\351\000g\000a\000d\000\341\000s\000\040\000k\000\366\000t\000e\000l\000e\000z\001\121}{section.2.2}% 11
\BOOKMARK [2][-]{subsection.2.2.3}{\376\377\0002\000.\0002\000.\0003\000.\000\040\000S\000T\000O\000P}{section.2.2}% 12
\BOOKMARK [2][-]{subsection.2.2.4}{\376\377\0002\000.\0002\000.\0004\000.\000\040\000F\001\121\000\372\000t}{section.2.2}% 13
\BOOKMARK [2][-]{subsection.2.2.5}{\376\377\0002\000.\0002\000.\0005\000.\000\040\000V\000a\000s\000\372\000t\000i\000\040\000\341\000t\000j\000\341\000r\000\363}{section.2.2}% 14
\BOOKMARK [0][-]{chapter.3}{\376\377\0003\000.\000\040\000R\000e\000n\000d\000s\000z\000e\000r\000t\000e\000r\000v}{}% 15
\BOOKMARK [1][-]{section.3.1}{\376\377\0003\000.\0001\000.\000\040\000A\000\040\000r\000e\000n\000d\000s\000z\000e\000r\000\040\000c\000\351\000l\000j\000a}{chapter.3}% 16
\BOOKMARK [1][-]{section.3.2}{\376\377\0003\000.\0002\000.\000\040\000F\001\121\000\040\000f\000u\000n\000k\000c\000i\000\363\000k}{chapter.3}% 17
\BOOKMARK [1][-]{section.3.3}{\376\377\0003\000.\0003\000.\000\040\000T\000e\000l\000e\000p\000\355\000t\000\351\000s}{chapter.3}% 18
\BOOKMARK [1][-]{section.3.4}{\376\377\0003\000.\0004\000.\000\040\000F\000e\000j\000l\000e\000s\000z\000t\000\351\000s\000h\000e\000z\000\040\000h\000a\000s\000z\000n\000\341\000l\000t\000\040\000e\000s\000z\000k\000\366\000z\000\366\000k}{chapter.3}% 19
\BOOKMARK [1][-]{section.3.5}{\376\377\0003\000.\0005\000.\000\040\000K\000\366\000v\000e\000t\000e\000l\000m\000\351\000n\000y\000e\000k}{chapter.3}% 20
\BOOKMARK [2][-]{subsection.3.5.1}{\376\377\0003\000.\0005\000.\0001\000.\000\040\000F\000u\000n\000k\000c\000i\000o\000n\000\341\000l\000i\000s}{section.3.5}% 21
\BOOKMARK [2][-]{subsection.3.5.2}{\376\377\0003\000.\0005\000.\0002\000.\000\040\000N\000e\000m\000\040\000f\000u\000n\000k\000c\000i\000o\000n\000\341\000l\000i\000s}{section.3.5}% 22
\BOOKMARK [0][-]{chapter.4}{\376\377\0004\000.\000\040\000J\000\341\000t\000\351\000k\000m\000e\000n\000e\000t}{}% 23
\BOOKMARK [1][-]{section.4.1}{\376\377\0004\000.\0001\000.\000\040\000S\000z\000a\000b\000a\000d\000\040\000j\000\341\000t\000\351\000k}{chapter.4}% 24
\BOOKMARK [1][-]{section.4.2}{\376\377\0004\000.\0002\000.\000\040\000T\000e\000s\000z\000t\000\040\000j\000\341\000t\000\351\000k}{chapter.4}% 25
\BOOKMARK [0][-]{chapter.5}{\376\377\0005\000.\000\040\000S\000a\000j\000\341\000t\000\040\000s\000z\000o\000f\000t\000v\000e\000r}{}% 26
\BOOKMARK [1][-]{section.5.1}{\376\377\0005\000.\0001\000.\000\040\000F\000e\000j\000l\000e\000s\000z\000t\000\351\000s\000i\000\040\000i\000d\001\121\000v\000o\000n\000a\000l}{chapter.5}% 27
\BOOKMARK [2][-]{subsection.5.1.1}{\376\377\0005\000.\0001\000.\0001\000.\000\040\000T\000a\000n\000u\000l\000\341\000s\000i\000\040\000i\000d\001\121\000s\000z\000a\000k}{section.5.1}% 28
\BOOKMARK [2][-]{subsection.5.1.2}{\376\377\0005\000.\0001\000.\0002\000.\000\040\000S\000z\000o\000f\000t\000v\000e\000r\000\040\000a\000l\000a\000p\000o\000k}{section.5.1}% 29
\BOOKMARK [2][-]{subsection.5.1.3}{\376\377\0005\000.\0001\000.\0003\000.\000\040\000U\000n\000i\000t\000y\000\040\000a\000l\000a\000p\000o\000k}{section.5.1}% 30
\BOOKMARK [2][-]{subsection.5.1.4}{\376\377\0005\000.\0001\000.\0004\000.\000\040\000L\000e\000g\000f\000r\000i\000s\000s\000e\000b\000b\000\040\000v\000e\000r\000z\000i\000\363}{section.5.1}% 31
\BOOKMARK [1][-]{section.5.2}{\376\377\0005\000.\0002\000.\000\040\000M\000e\000n\000\374}{chapter.5}% 32
\BOOKMARK [1][-]{section.5.3}{\376\377\0005\000.\0003\000.\000\040\000J\000\341\000t\000\351\000k\000p\000r\000o\000g\000r\000a\000m}{chapter.5}% 33
\BOOKMARK [2][-]{subsection.5.3.1}{\376\377\0005\000.\0003\000.\0001\000.\000\040\000U\000t\000a\000k}{section.5.3}% 34
\BOOKMARK [2][-]{subsection.5.3.2}{\376\377\0005\000.\0003\000.\0002\000.\000\040\000J\000\341\000r\000m\001\161\000v\000e\000k}{section.5.3}% 35
\BOOKMARK [2][-]{subsection.5.3.3}{\376\377\0005\000.\0003\000.\0003\000.\000\040\000K\000e\000r\000e\000s\000z\000t\000e\000z\001\121\000d\000\351\000s\000e\000k}{section.5.3}% 36
\BOOKMARK [2][-]{subsection.5.3.4}{\376\377\0005\000.\0003\000.\0004\000.\000\040\000S\000o\000r\000r\000e\000n\000d\000\040\000k\000a\000l\000k\000u\000l\000\341\000c\000i\000\363}{section.5.3}% 37
\BOOKMARK [0][-]{chapter.6}{\376\377\0006\000.\000\040\000F\000e\000j\000l\000e\000s\000z\000t\000\351\000s\000i\000\040\000l\000e\000h\000e\000t\001\121\000s\000\351\000g\000e\000k}{}% 38
\BOOKMARK [1][-]{section.6.1}{\376\377\0006\000.\0001\000.\000\040\000T\000e\000x\000t\000\372\000r\000\341\000k\000\040\000\351\000s\000\040\000m\000o\000d\000e\000l\000l\000e\000k}{chapter.6}% 39
\BOOKMARK [1][-]{section.6.2}{\376\377\0006\000.\0002\000.\000\040\000\332\000j\000\040\000p\000\341\000l\000y\000\341\000k\000\040\000\351\000s\000\040\000s\000z\000i\000t\000u\000\341\000c\000i\000\363\000k}{chapter.6}% 40
\BOOKMARK [1][-]{section.6.3}{\376\377\0006\000.\0003\000.\000\040\000\332\000j\000\040\000s\000z\000a\000b\000\341\000l\000y\000r\000e\000n\000d\000s\000z\000e\000r\000e\000k}{chapter.6}% 41
\BOOKMARK [1][-]{section.6.4}{\376\377\0006\000.\0004\000.\000\040\000S\000z\000a\000b\000\341\000l\000y\000l\000i\000s\000t\000a}{chapter.6}% 42
\BOOKMARK [1][-]{section.6.5}{\376\377\0006\000.\0005\000.\000\040\000T\000e\000s\000t\000r\000e\000s\000z\000a\000b\000h\000a\000t\000\363\000\040\000f\000e\000l\000a\000d\000a\000t\000o\000k}{chapter.6}% 43
\BOOKMARK [0][-]{chapter.7}{\376\377\0007\000.\000\040\000T\000e\000s\000z\000t\000e\000l\000\351\000s}{}% 44
\BOOKMARK [1][-]{section.7.1}{\376\377\0007\000.\0001\000.\000\040\000M\000a\000n\000u\000\341\000l\000i\000s}{chapter.7}% 45
\BOOKMARK [2][-]{subsection.7.1.1}{\376\377\0007\000.\0001\000.\0001\000.\000\040\000T\000e\000s\000z\000t\000e\000s\000e\000t\000e\000k}{section.7.1}% 46
\BOOKMARK [1][-]{section.7.2}{\376\377\0007\000.\0002\000.\000\040\000E\000g\000y\000s\000\351\000g\000t\000e\000s\000z\000t}{chapter.7}% 47
\BOOKMARK [2][-]{subsection.7.2.1}{\376\377\0007\000.\0002\000.\0001\000.\000\040\000E\000g\000y\000s\000\351\000g\000t\000e\000s\000z\000t\000\040\000t\000e\000s\000z\000t\000j\000e\000g\000y\000z\001\121\000k\000\366\000n\000y\000v\000.}{section.7.2}% 48
\BOOKMARK [0][-]{chapter*.3}{\376\377\000\326\000s\000s\000z\000e\000g\000z\000\351\000s}{}% 49
\BOOKMARK [0][-]{chapter*.4}{\376\377\000I\000r\000o\000d\000a\000l\000o\000m\000j\000e\000g\000y\000z\000\351\000k}{}% 50
\BOOKMARK [0][-]{chapter*.5}{\376\377\000\301\000b\000r\000a\000j\000e\000g\000y\000z\000\351\000k}{}% 51
