This is pdfTeX, Version 3.141592653-2.6-1.40.26 (TeX Live 2024) (preloaded format=pdflatex 2024.9.16)  21 APR 2026 12:44
entering extended mode
 restricted \write18 enabled.
 %&-line parsing enabled.
**CUK9HS_2026.tex
(./CUK9HS_2026.tex
LaTeX2e <2024-06-01> patch level 2
L3 programming layer <2024-08-30>
(c:/texlive/2024/texmf-dist/tex/latex/thesis-ekf/thesis-ekf.cls
Document Class: thesis-ekf 2024/04/18 v4.5 Thesis class for Eszterhazy Karoly C
atholic University (Eger, Hungary)
(c:/texlive/2024/texmf-dist/tex/latex/kvoptions/kvoptions.sty
Package: kvoptions 2022-06-15 v3.15 Key value format for package options (HO)

(c:/texlive/2024/texmf-dist/tex/latex/graphics/keyval.sty
Package: keyval 2022/05/29 v1.15 key=value parser (DPC)
\KV@toks@=\toks17
)
(c:/texlive/2024/texmf-dist/tex/generic/ltxcmds/ltxcmds.sty
Package: ltxcmds 2023-12-04 v1.26 LaTeX kernel commands for general use (HO)
)
(c:/texlive/2024/texmf-dist/tex/latex/kvsetkeys/kvsetkeys.sty
Package: kvsetkeys 2022-10-05 v1.19 Key value parser (HO)
))
(c:/texlive/2024/texmf-dist/tex/latex/base/report.cls
Document Class: report 2024/02/08 v1.4n Standard LaTeX document class
(c:/texlive/2024/texmf-dist/tex/latex/base/size12.clo
File: size12.clo 2024/02/08 v1.4n Standard LaTeX file (size option)
)
\c@part=\count194
\c@chapter=\count195
\c@section=\count196
\c@subsection=\count197
\c@subsubsection=\count198
\c@paragraph=\count199
\c@subparagraph=\count266
\c@figure=\count267
\c@table=\count268
\abovecaptionskip=\skip49
\belowcaptionskip=\skip50
\bibindent=\dimen141
)
(c:/texlive/2024/texmf-dist/tex/latex/setspace/setspace.sty
Package: setspace 2022/12/04 v6.7b set line spacing
)
(c:/texlive/2024/texmf-dist/tex/latex/hyperref/hyperref.sty
Package: hyperref 2024-07-10 v7.01j Hypertext links for LaTeX

(c:/texlive/2024/texmf-dist/tex/generic/iftex/iftex.sty
Package: iftex 2022/02/03 v1.0f TeX engine tests
)
(c:/texlive/2024/texmf-dist/tex/generic/kvdefinekeys/kvdefinekeys.sty
Package: kvdefinekeys 2019-12-19 v1.6 Define keys (HO)
)
(c:/texlive/2024/texmf-dist/tex/generic/pdfescape/pdfescape.sty
Package: pdfescape 2019/12/09 v1.15 Implements pdfTeX's escape features (HO)

(c:/texlive/2024/texmf-dist/tex/generic/pdftexcmds/pdftexcmds.sty
Package: pdftexcmds 2020-06-27 v0.33 Utility functions of pdfTeX for LuaTeX (HO
)

(c:/texlive/2024/texmf-dist/tex/generic/infwarerr/infwarerr.sty
Package: infwarerr 2019/12/03 v1.5 Providing info/warning/error messages (HO)
)
Package pdftexcmds Info: \pdf@primitive is available.
Package pdftexcmds Info: \pdf@ifprimitive is available.
Package pdftexcmds Info: \pdfdraftmode found.
))
(c:/texlive/2024/texmf-dist/tex/latex/hycolor/hycolor.sty
Package: hycolor 2020-01-27 v1.10 Color options for hyperref/bookmark (HO)
)
(c:/texlive/2024/texmf-dist/tex/latex/hyperref/nameref.sty
Package: nameref 2023-11-26 v2.56 Cross-referencing by name of section

(c:/texlive/2024/texmf-dist/tex/latex/refcount/refcount.sty
Package: refcount 2019/12/15 v3.6 Data extraction from label references (HO)
)
(c:/texlive/2024/texmf-dist/tex/generic/gettitlestring/gettitlestring.sty
Package: gettitlestring 2019/12/15 v1.6 Cleanup title references (HO)
)
\c@section@level=\count269
)
(c:/texlive/2024/texmf-dist/tex/latex/etoolbox/etoolbox.sty
Package: etoolbox 2020/10/05 v2.5k e-TeX tools for LaTeX (JAW)
\etb@tempcnta=\count270
)
(c:/texlive/2024/texmf-dist/tex/generic/stringenc/stringenc.sty
Package: stringenc 2019/11/29 v1.12 Convert strings between diff. encodings (HO
)
)
\@linkdim=\dimen142
\Hy@linkcounter=\count271
\Hy@pagecounter=\count272

(c:/texlive/2024/texmf-dist/tex/latex/hyperref/pd1enc.def
File: pd1enc.def 2024-07-10 v7.01j Hyperref: PDFDocEncoding definition (HO)
Now handling font encoding PD1 ...
... no UTF-8 mapping file for font encoding PD1
)
(c:/texlive/2024/texmf-dist/tex/generic/intcalc/intcalc.sty
Package: intcalc 2019/12/15 v1.3 Expandable calculations with integers (HO)
)
\Hy@SavedSpaceFactor=\count273

(c:/texlive/2024/texmf-dist/tex/latex/hyperref/puenc.def
File: puenc.def 2024-07-10 v7.01j Hyperref: PDF Unicode definition (HO)
Now handling font encoding PU ...
... no UTF-8 mapping file for font encoding PU
)
Package hyperref Info: Option `linktocpage' set `true' on input line 4040.
Package hyperref Info: Option `bookmarksnumbered' set `true' on input line 4040
.
Package hyperref Info: Hyper figures OFF on input line 4157.
Package hyperref Info: Link nesting OFF on input line 4162.
Package hyperref Info: Hyper index ON on input line 4165.
Package hyperref Info: Plain pages OFF on input line 4172.
Package hyperref Info: Backreferencing OFF on input line 4177.
Package hyperref Info: Implicit mode ON; LaTeX internals redefined.
Package hyperref Info: Bookmarks ON on input line 4424.
\c@Hy@tempcnt=\count274

(c:/texlive/2024/texmf-dist/tex/latex/url/url.sty
\Urlmuskip=\muskip17
Package: url 2013/09/16  ver 3.4  Verb mode for urls, etc.
)
LaTeX Info: Redefining \url on input line 4763.
\XeTeXLinkMargin=\dimen143

(c:/texlive/2024/texmf-dist/tex/generic/bitset/bitset.sty
Package: bitset 2019/12/09 v1.3 Handle bit-vector datatype (HO)

(c:/texlive/2024/texmf-dist/tex/generic/bigintcalc/bigintcalc.sty
Package: bigintcalc 2019/12/15 v1.5 Expandable calculations on big integers (HO
)
))
\Fld@menulength=\count275
\Field@Width=\dimen144
\Fld@charsize=\dimen145
Package hyperref Info: Hyper figures OFF on input line 6042.
Package hyperref Info: Link nesting OFF on input line 6047.
Package hyperref Info: Hyper index ON on input line 6050.
Package hyperref Info: backreferencing OFF on input line 6057.
Package hyperref Info: Link coloring OFF on input line 6062.
Package hyperref Info: Link coloring with OCG OFF on input line 6067.
Package hyperref Info: PDF/A mode OFF on input line 6072.

(c:/texlive/2024/texmf-dist/tex/latex/base/atbegshi-ltx.sty
Package: atbegshi-ltx 2021/01/10 v1.0c Emulation of the original atbegshi
package with kernel methods
)
\Hy@abspage=\count276
\c@Item=\count277
\c@Hfootnote=\count278
)
Package hyperref Info: Driver (autodetected): hpdftex.

(c:/texlive/2024/texmf-dist/tex/latex/hyperref/hpdftex.def
File: hpdftex.def 2024-07-10 v7.01j Hyperref driver for pdfTeX

(c:/texlive/2024/texmf-dist/tex/latex/base/atveryend-ltx.sty
Package: atveryend-ltx 2020/08/19 v1.0a Emulation of the original atveryend pac
kage
with kernel methods
)
\Fld@listcount=\count279
\c@bookmark@seq@number=\count280

(c:/texlive/2024/texmf-dist/tex/latex/rerunfilecheck/rerunfilecheck.sty
Package: rerunfilecheck 2022-07-10 v1.10 Rerun checks for auxiliary files (HO)

(c:/texlive/2024/texmf-dist/tex/generic/uniquecounter/uniquecounter.sty
Package: uniquecounter 2019/12/15 v1.4 Provide unlimited unique counter (HO)
)
Package uniquecounter Info: New unique counter `rerunfilecheck' on input line 2
85.
)
\Hy@SectionHShift=\skip51
)
(c:/texlive/2024/texmf-dist/tex/latex/geometry/geometry.sty
Package: geometry 2020/01/02 v5.9 Page Geometry

(c:/texlive/2024/texmf-dist/tex/generic/iftex/ifvtex.sty
Package: ifvtex 2019/10/25 v1.7 ifvtex legacy package. Use iftex instead.
)
\Gm@cnth=\count281
\Gm@cntv=\count282
\c@Gm@tempcnt=\count283
\Gm@bindingoffset=\dimen146
\Gm@wd@mp=\dimen147
\Gm@odd@mp=\dimen148
\Gm@even@mp=\dimen149
\Gm@layoutwidth=\dimen150
\Gm@layoutheight=\dimen151
\Gm@layouthoffset=\dimen152
\Gm@layoutvoffset=\dimen153
\Gm@dimlist=\toks18
)
(c:/texlive/2024/texmf-dist/tex/latex/lm/lmodern.sty
Package: lmodern 2015/05/01 v1.6.1 Latin Modern Fonts
LaTeX Font Info:    Overwriting symbol font `operators' in version `normal'
(Font)                  OT1/cmr/m/n --> OT1/lmr/m/n on input line 22.
LaTeX Font Info:    Overwriting symbol font `letters' in version `normal'
(Font)                  OML/cmm/m/it --> OML/lmm/m/it on input line 23.
LaTeX Font Info:    Overwriting symbol font `symbols' in version `normal'
(Font)                  OMS/cmsy/m/n --> OMS/lmsy/m/n on input line 24.
LaTeX Font Info:    Overwriting symbol font `largesymbols' in version `normal'
(Font)                  OMX/cmex/m/n --> OMX/lmex/m/n on input line 25.
LaTeX Font Info:    Overwriting symbol font `operators' in version `bold'
(Font)                  OT1/cmr/bx/n --> OT1/lmr/bx/n on input line 26.
LaTeX Font Info:    Overwriting symbol font `letters' in version `bold'
(Font)                  OML/cmm/b/it --> OML/lmm/b/it on input line 27.
LaTeX Font Info:    Overwriting symbol font `symbols' in version `bold'
(Font)                  OMS/cmsy/b/n --> OMS/lmsy/b/n on input line 28.
LaTeX Font Info:    Overwriting symbol font `largesymbols' in version `bold'
(Font)                  OMX/cmex/m/n --> OMX/lmex/m/n on input line 29.
LaTeX Font Info:    Overwriting math alphabet `\mathbf' in version `normal'
(Font)                  OT1/cmr/bx/n --> OT1/lmr/bx/n on input line 31.
LaTeX Font Info:    Overwriting math alphabet `\mathsf' in version `normal'
(Font)                  OT1/cmss/m/n --> OT1/lmss/m/n on input line 32.
LaTeX Font Info:    Overwriting math alphabet `\mathit' in version `normal'
(Font)                  OT1/cmr/m/it --> OT1/lmr/m/it on input line 33.
LaTeX Font Info:    Overwriting math alphabet `\mathtt' in version `normal'
(Font)                  OT1/cmtt/m/n --> OT1/lmtt/m/n on input line 34.
LaTeX Font Info:    Overwriting math alphabet `\mathbf' in version `bold'
(Font)                  OT1/cmr/bx/n --> OT1/lmr/bx/n on input line 35.
LaTeX Font Info:    Overwriting math alphabet `\mathsf' in version `bold'
(Font)                  OT1/cmss/bx/n --> OT1/lmss/bx/n on input line 36.
LaTeX Font Info:    Overwriting math alphabet `\mathit' in version `bold'
(Font)                  OT1/cmr/bx/it --> OT1/lmr/bx/it on input line 37.
LaTeX Font Info:    Overwriting math alphabet `\mathtt' in version `bold'
(Font)                  OT1/cmtt/m/n --> OT1/lmtt/m/n on input line 38.
)
(c:/texlive/2024/texmf-dist/tex/latex/fixcmex/fixcmex.sty
Package: fixcmex 2019/08/05 v1.1 Scalable math extensions font (Enrico Gregorio
)
)
(c:/texlive/2024/texmf-dist/tex/latex/graphics/graphicx.sty
Package: graphicx 2021/09/16 v1.2d Enhanced LaTeX Graphics (DPC,SPQR)

(c:/texlive/2024/texmf-dist/tex/latex/graphics/graphics.sty
Package: graphics 2024/05/23 v1.4g Standard LaTeX Graphics (DPC,SPQR)

(c:/texlive/2024/texmf-dist/tex/latex/graphics/trig.sty
Package: trig 2023/12/02 v1.11 sin cos tan (DPC)
)
(c:/texlive/2024/texmf-dist/tex/latex/graphics-cfg/graphics.cfg
File: graphics.cfg 2016/06/04 v1.11 sample graphics configuration
)
Package graphics Info: Driver file: pdftex.def on input line 106.

(c:/texlive/2024/texmf-dist/tex/latex/graphics-def/pdftex.def
File: pdftex.def 2024/04/13 v1.2c Graphics/color driver for pdftex
))
\Gin@req@height=\dimen154
\Gin@req@width=\dimen155
))
(c:/texlive/2024/texmf-dist/tex/latex/base/fontenc.sty
Package: fontenc 2021/04/29 v2.0v Standard LaTeX package
LaTeX Font Info:    Trying to load font information for T1+lmr on input line 11
6.

(c:/texlive/2024/texmf-dist/tex/latex/lm/t1lmr.fd
File: t1lmr.fd 2015/05/01 v1.6.1 Font defs for Latin Modern
))
(c:/texlive/2024/texmf-dist/tex/generic/babel/babel.sty
Package: babel 2024/08/29 v24.9 The Babel package
\babel@savecnt=\count284
\U@D=\dimen156
\l@unhyphenated=\language89

(c:/texlive/2024/texmf-dist/tex/generic/babel/txtbabel.def)
\bbl@readstream=\read2
\bbl@dirlevel=\count285

(c:/texlive/2024/texmf-dist/tex/generic/babel-hungarian/magyar.ldf
Language: magyar 2019/01/14 v1.5c Magyar (Hungarian) support for babel
\c@enumv=\count286
Package babel Info: Making ; an active character on input line 2791.
Package babel Info: Making ! an active character on input line 2793.
Package babel Info: Making ? an active character on input line 2799.
Package babel Info: Making : an active character on input line 2801.
Package babel Info: Making ` an active character on input line 2819.
\c@footnote@add=\count287
\c@footnote@ch=\count288
))
(c:/texlive/2024/texmf-dist/tex/generic/babel/locale/hu/babel-magyar.tex
Package babel Info: Importing font and identification data for magyar
(babel)             from babel-hu.ini. Reported on input line 11.
)
(c:/texlive/2024/texmf-dist/tex/latex/mathtools/mathtools.sty
Package: mathtools 2024/03/11 v1.30 mathematical typesetting tools

(c:/texlive/2024/texmf-dist/tex/latex/tools/calc.sty
Package: calc 2023/07/08 v4.3 Infix arithmetic (KKT,FJ)
\calc@Acount=\count289
\calc@Bcount=\count290
\calc@Adimen=\dimen157
\calc@Bdimen=\dimen158
\calc@Askip=\skip52
\calc@Bskip=\skip53
LaTeX Info: Redefining \setlength on input line 80.
LaTeX Info: Redefining \addtolength on input line 81.
\calc@Ccount=\count291
\calc@Cskip=\skip54
)
(c:/texlive/2024/texmf-dist/tex/latex/mathtools/mhsetup.sty
Package: mhsetup 2021/03/18 v1.4 programming setup (MH)
)
(c:/texlive/2024/texmf-dist/tex/latex/amsmath/amsmath.sty
Package: amsmath 2024/05/23 v2.17q AMS math features
\@mathmargin=\skip55

For additional information on amsmath, use the `?' option.
(c:/texlive/2024/texmf-dist/tex/latex/amsmath/amstext.sty
Package: amstext 2021/08/26 v2.01 AMS text

(c:/texlive/2024/texmf-dist/tex/latex/amsmath/amsgen.sty
File: amsgen.sty 1999/11/30 v2.0 generic functions
\@emptytoks=\toks19
\ex@=\dimen159
))
(c:/texlive/2024/texmf-dist/tex/latex/amsmath/amsbsy.sty
Package: amsbsy 1999/11/29 v1.2d Bold Symbols
\pmbraise@=\dimen160
)
(c:/texlive/2024/texmf-dist/tex/latex/amsmath/amsopn.sty
Package: amsopn 2022/04/08 v2.04 operator names
)
\inf@bad=\count292
LaTeX Info: Redefining \frac on input line 233.
\uproot@=\count293
\leftroot@=\count294
LaTeX Info: Redefining \overline on input line 398.
LaTeX Info: Redefining \colon on input line 409.
\classnum@=\count295
\DOTSCASE@=\count296
LaTeX Info: Redefining \ldots on input line 495.
LaTeX Info: Redefining \dots on input line 498.
LaTeX Info: Redefining \cdots on input line 619.
\Mathstrutbox@=\box52
\strutbox@=\box53
LaTeX Info: Redefining \big on input line 721.
LaTeX Info: Redefining \Big on input line 722.
LaTeX Info: Redefining \bigg on input line 723.
LaTeX Info: Redefining \Bigg on input line 724.
\big@size=\dimen161
LaTeX Font Info:    Redeclaring font encoding OML on input line 742.
LaTeX Font Info:    Redeclaring font encoding OMS on input line 743.
\macc@depth=\count297
LaTeX Info: Redefining \bmod on input line 904.
LaTeX Info: Redefining \pmod on input line 909.
LaTeX Info: Redefining \smash on input line 939.
LaTeX Info: Redefining \relbar on input line 969.
LaTeX Info: Redefining \Relbar on input line 970.
\c@MaxMatrixCols=\count298
\dotsspace@=\muskip18
\c@parentequation=\count299
\dspbrk@lvl=\count300
\tag@help=\toks20
\row@=\count301
\column@=\count302
\maxfields@=\count303
\andhelp@=\toks21
\eqnshift@=\dimen162
\alignsep@=\dimen163
\tagshift@=\dimen164
\tagwidth@=\dimen165
\totwidth@=\dimen166
\lineht@=\dimen167
\@envbody=\toks22
\multlinegap=\skip56
\multlinetaggap=\skip57
\mathdisplay@stack=\toks23
LaTeX Info: Redefining \[ on input line 2953.
LaTeX Info: Redefining \] on input line 2954.
)
\g_MT_multlinerow_int=\count304
\l_MT_multwidth_dim=\dimen168
\origjot=\skip58
\l_MT_shortvdotswithinadjustabove_dim=\dimen169
\l_MT_shortvdotswithinadjustbelow_dim=\dimen170
\l_MT_above_intertext_sep=\dimen171
\l_MT_below_intertext_sep=\dimen172
\l_MT_above_shortintertext_sep=\dimen173
\l_MT_below_shortintertext_sep=\dimen174
\xmathstrut@box=\box54
\xmathstrut@dim=\dimen175
)
(c:/texlive/2024/texmf-dist/tex/latex/amsfonts/amssymb.sty
Package: amssymb 2013/01/14 v3.01 AMS font symbols

(c:/texlive/2024/texmf-dist/tex/latex/amsfonts/amsfonts.sty
Package: amsfonts 2013/01/14 v3.01 Basic AMSFonts support
\symAMSa=\mathgroup4
\symAMSb=\mathgroup5
LaTeX Font Info:    Redeclaring math symbol \hbar on input line 98.
LaTeX Font Info:    Overwriting math alphabet `\mathfrak' in version `bold'
(Font)                  U/euf/m/n --> U/euf/b/n on input line 106.
))
(c:/texlive/2024/texmf-dist/tex/latex/amscls/amsthm.sty
Package: amsthm 2020/05/29 v2.20.6
\thm@style=\toks24
\thm@bodyfont=\toks25
\thm@headfont=\toks26
\thm@notefont=\toks27
\thm@headpunct=\toks28
\thm@preskip=\skip59
\thm@postskip=\skip60
\thm@headsep=\skip61
\dth@everypar=\toks29
)
(c:/texlive/2024/texmf-dist/tex/latex/pdfpages/pdfpages.sty
Package: pdfpages 2024/08/20 v0.6b Insert pages of external PDF documents (AM)

(c:/texlive/2024/texmf-dist/tex/latex/base/ifthen.sty
Package: ifthen 2024/03/16 v1.1e Standard LaTeX ifthen package (DPC)
)
(c:/texlive/2024/texmf-dist/tex/latex/eso-pic/eso-pic.sty
Package: eso-pic 2023/05/03 v3.0c eso-pic (RN)
\ESO@tempdima=\dimen176
\ESO@tempdimb=\dimen177

(c:/texlive/2024/texmf-dist/tex/latex/xcolor/xcolor.sty
Package: xcolor 2023/11/15 v3.01 LaTeX color extensions (UK)

(c:/texlive/2024/texmf-dist/tex/latex/graphics-cfg/color.cfg
File: color.cfg 2016/01/02 v1.6 sample color configuration
)
Package xcolor Info: Driver file: pdftex.def on input line 274.

(c:/texlive/2024/texmf-dist/tex/latex/graphics/mathcolor.ltx)
Package xcolor Info: Model `cmy' substituted by `cmy0' on input line 1350.
Package xcolor Info: Model `hsb' substituted by `rgb' on input line 1354.
Package xcolor Info: Model `RGB' extended on input line 1366.
Package xcolor Info: Model `HTML' substituted by `rgb' on input line 1368.
Package xcolor Info: Model `Hsb' substituted by `hsb' on input line 1369.
Package xcolor Info: Model `tHsb' substituted by `hsb' on input line 1370.
Package xcolor Info: Model `HSB' substituted by `hsb' on input line 1371.
Package xcolor Info: Model `Gray' substituted by `gray' on input line 1372.
Package xcolor Info: Model `wave' substituted by `hsb' on input line 1373.
))
\AM@pagewidth=\dimen178
\AM@pageheight=\dimen179
\AM@fboxrule=\dimen180

(c:/texlive/2024/texmf-dist/tex/latex/pdfpages/pppdftex.def
File: pppdftex.def 2024/08/20 v0.6b Pdfpages driver for pdfTeX (AM)
)
\pdfpages@includegraphics@status=\count305
\AM@pagebox=\box55
\AM@global@opts=\toks30
\AM@pagecnt=\count306
\AM@toc@title=\toks31
\AM@lof@heading=\toks32
\c@AM@survey=\count307
\AM@templatesizebox=\box56
)
\c@tetel=\count308

(c:/texlive/2024/texmf-dist/tex/latex/upquote/upquote.sty
Package: upquote 2012/04/19 v1.3 upright-quote and grave-accent glyphs in verba
tim

(c:/texlive/2024/texmf-dist/tex/latex/base/textcomp.sty
Package: textcomp 2024/04/24 v2.1b Standard LaTeX package
))
(c:/texlive/2024/texmf-dist/tex/latex/l3backend/l3backend-pdftex.def
File: l3backend-pdftex.def 2024-05-08 L3 backend support: PDF output (pdfTeX)
\l__color_backend_stack_int=\count309
\l__pdf_internal_box=\box57
)
(./CUK9HS_2026.aux)
\openout1 = `CUK9HS_2026.aux'.

LaTeX Font Info:    Checking defaults for OML/cmm/m/it on input line 23.
LaTeX Font Info:    ... okay on input line 23.
LaTeX Font Info:    Checking defaults for OMS/cmsy/m/n on input line 23.
LaTeX Font Info:    ... okay on input line 23.
LaTeX Font Info:    Checking defaults for OT1/cmr/m/n on input line 23.
LaTeX Font Info:    ... okay on input line 23.
LaTeX Font Info:    Checking defaults for T1/cmr/m/n on input line 23.
LaTeX Font Info:    ... okay on input line 23.
LaTeX Font Info:    Checking defaults for TS1/cmr/m/n on input line 23.
LaTeX Font Info:    ... okay on input line 23.
LaTeX Font Info:    Checking defaults for OMX/cmex/m/n on input line 23.
LaTeX Font Info:    ... okay on input line 23.
LaTeX Font Info:    Checking defaults for U/cmr/m/n on input line 23.
LaTeX Font Info:    ... okay on input line 23.
LaTeX Font Info:    Checking defaults for PD1/pdf/m/n on input line 23.
LaTeX Font Info:    ... okay on input line 23.
LaTeX Font Info:    Checking defaults for PU/pdf/m/n on input line 23.
LaTeX Font Info:    ... okay on input line 23.
Package hyperref Info: Link coloring OFF on input line 23.
 (./CUK9HS_2026.out) (./CUK9HS_2026.out)
\@outlinefile=\write3
\openout3 = `CUK9HS_2026.out'.


*geometry* driver: auto-detecting
*geometry* detected driver: pdftex
*geometry* verbose mode - [ preamble ] result:
* driver: pdftex
* paper: a4paper
* layout: <same size as paper>
* layoutoffset:(h,v)=(0.0pt,0.0pt)
* modes: 
* h-part:(L,W,R)=(85.35826pt, 441.01773pt, 71.13188pt)
* v-part:(T,H,B)=(71.13188pt, 702.78308pt, 71.13188pt)
* \paperwidth=597.50787pt
* \paperheight=845.04684pt
* \textwidth=441.01773pt
* \textheight=702.78308pt
* \oddsidemargin=13.08827pt
* \evensidemargin=13.08827pt
* \topmargin=-38.1381pt
* \headheight=12.0pt
* \headsep=25.0pt
* \topskip=12.0pt
* \footskip=30.0pt
* \marginparwidth=44.0pt
* \marginparsep=10.0pt
* \columnsep=10.0pt
* \skip\footins=10.8pt plus 4.0pt minus 2.0pt
* \hoffset=0.0pt
* \voffset=0.0pt
* \mag=1000
* \@twocolumnfalse
* \@twosidefalse
* \@mparswitchfalse
* \@reversemarginfalse
* (1in=72.27pt=25.4mm, 1cm=28.453pt)

LaTeX Font Info:    Trying to load font information for OT1+lmr on input line 2
3.
(c:/texlive/2024/texmf-dist/tex/latex/lm/ot1lmr.fd
File: ot1lmr.fd 2015/05/01 v1.6.1 Font defs for Latin Modern
)
LaTeX Font Info:    Trying to load font information for OML+lmm on input line 2
3.

(c:/texlive/2024/texmf-dist/tex/latex/lm/omllmm.fd
File: omllmm.fd 2015/05/01 v1.6.1 Font defs for Latin Modern
)
LaTeX Font Info:    Trying to load font information for OMS+lmsy on input line 
23.

(c:/texlive/2024/texmf-dist/tex/latex/lm/omslmsy.fd
File: omslmsy.fd 2015/05/01 v1.6.1 Font defs for Latin Modern
)
LaTeX Font Info:    Trying to load font information for OMX+lmex on input line 
23.

(c:/texlive/2024/texmf-dist/tex/latex/lm/omxlmex.fd
File: omxlmex.fd 2015/05/01 v1.6.1 Font defs for Latin Modern
)
LaTeX Font Info:    External font `lmex10' loaded for size
(Font)              <12> on input line 23.
LaTeX Font Info:    External font `lmex10' loaded for size
(Font)              <8> on input line 23.
LaTeX Font Info:    External font `lmex10' loaded for size
(Font)              <6> on input line 23.
LaTeX Font Info:    Trying to load font information for U+msa on input line 23.


(c:/texlive/2024/texmf-dist/tex/latex/amsfonts/umsa.fd
File: umsa.fd 2013/01/14 v3.01 AMS symbols A
)
LaTeX Font Info:    Trying to load font information for U+msb on input line 23.


(c:/texlive/2024/texmf-dist/tex/latex/amsfonts/umsb.fd
File: umsb.fd 2013/01/14 v3.01 AMS symbols B
)
LaTeX Font Info:    Overwriting symbol font `largesymbols' in version `normal'
(Font)                  OMX/lmex/m/n --> OMX/cmex/m/n on input line 23.
LaTeX Font Info:    Overwriting symbol font `largesymbols' in version `bold'
(Font)                  OMX/lmex/m/n --> OMX/cmex/m/n on input line 23.

(c:/texlive/2024/texmf-dist/tex/context/base/mkii/supp-pdf.mkii
[Loading MPS to PDF converter (version 2006.09.02).]
\scratchcounter=\count310
\scratchdimen=\dimen181
\scratchbox=\box58
\nofMPsegments=\count311
\nofMParguments=\count312
\everyMPshowfont=\toks33
\MPscratchCnt=\count313
\MPscratchDim=\dimen182
\MPnumerator=\count314
\makeMPintoPDFobject=\count315
\everyMPtoPDFconversion=\toks34
) (c:/texlive/2024/texmf-dist/tex/latex/epstopdf-pkg/epstopdf-base.sty
Package: epstopdf-base 2020-01-24 v2.11 Base part for package epstopdf
Package epstopdf-base Info: Redefining graphics rule for `.eps' on input line 4
85.

(c:/texlive/2024/texmf-dist/tex/latex/latexconfig/epstopdf-sys.cfg
File: epstopdf-sys.cfg 2010/07/13 v1.3 Configuration of (r)epstopdf for TeX Liv
e
))
(c:/texlive/2024/texmf-dist/tex/latex/pdflscape/pdflscape.sty
Package: pdflscape 2022-10-27 v0.13 Display of landscape pages in PDF

(c:/texlive/2024/texmf-dist/tex/latex/pdflscape/pdflscape-nometadata.sty
Package: pdflscape-nometadata 2022-10-28 v0.13 Display of landscape pages in PD
F (HO)

(c:/texlive/2024/texmf-dist/tex/latex/graphics/lscape.sty
Package: lscape 2020/05/28 v3.02 Landscape Pages (DPC)
)
Package pdflscape Info: Auto-detected driver: pdftex on input line 81.
))
(c:/texlive/2024/texmf-dist/tex/latex/base/report.cls
LaTeX Info: Redefining \cal on input line 577.
LaTeX Info: Redefining \mit on input line 578.
)
<eszterhazy-logo-hu.pdf, id=156, 256.07971pt x 88.04292pt>
File: eszterhazy-logo-hu.pdf Graphic file (type pdf)
<use eszterhazy-logo-hu.pdf>
Package pdftex.def Info: eszterhazy-logo-hu.pdf  used on input line 31.
(pdftex.def)             Requested size: 256.07907pt x 88.0427pt.


[1


{c:/texlive/2024/texmf-var/fonts/map/pdftex/updmap/pdftex.map}{c:/texlive/2024/
texmf-dist/fonts/enc/dvips/lm/lm-ec.enc} <c:/texlive/2024/texmf-dist/tex/latex/
thesis-ekf/eszterhazy-logo-hu.pdf>] (./CUK9HS_2026.toc

[2

])
\tf@toc=\write4
\openout4 = `CUK9HS_2026.toc'.



[3]
<images/harompontos.jpg, id=218, 120.45pt x 85.0377pt>
File: images/harompontos.jpg Graphic file (type jpg)
<use images/harompontos.jpg>
Package pdftex.def Info: images/harompontos.jpg  used on input line 45.
(pdftex.def)             Requested size: 201.52017pt x 142.26378pt.


[4

 <./images/harompontos.jpg>]
1. fejezet.
<images/doom.png, id=228, 250.9375pt x 187.70125pt>
File: images/doom.png Graphic file (type png)
<use images/doom.png>
Package pdftex.def Info: images/doom.png  used on input line 66.
(pdftex.def)             Requested size: 190.20522pt x 142.26378pt.


[5

 <./images/doom.png>]
<images/unreal.jpg, id=241, 2854.665pt x 1564.84625pt>
File: images/unreal.jpg Graphic file (type jpg)
<use images/unreal.jpg>
Package pdftex.def Info: images/unreal.jpg  used on input line 77.
(pdftex.def)             Requested size: 259.52228pt x 142.26378pt.
<images/godot.png, id=244, 1445.4pt x 758.08218pt>
File: images/godot.png Graphic file (type png)
<use images/godot.png>
Package pdftex.def Info: images/godot.png  used on input line 91.
(pdftex.def)             Requested size: 271.23238pt x 142.26378pt.


[6 <./images/unreal.jpg>]
<images/unity.jpg, id=256, 3700.224pt x 2081.376pt>
File: images/unity.jpg Graphic file (type jpg)
<use images/unity.jpg>
Package pdftex.def Info: images/unity.jpg  used on input line 101.
(pdftex.def)             Requested size: 252.88792pt x 142.26378pt.
<images/unity_sajat.png, id=259, 1445.4pt x 767.11594pt>
File: images/unity_sajat.png Graphic file (type png)
<use images/unity_sajat.png>
Package pdftex.def Info: images/unity_sajat.png  used on input line 115.
(pdftex.def)             Requested size: 268.03441pt x 142.26378pt.


[7 <./images/godot.png (PNG copy)> <./images/unity.jpg>]

[8 <./images/unity_sajat.PNG>]
<images/kresz.jpg, id=280, 489.9906pt x 271.0125pt>
File: images/kresz.jpg Graphic file (type jpg)
<use images/kresz.jpg>
Package pdftex.def Info: images/kresz.jpg  used on input line 139.
(pdftex.def)             Requested size: 257.21901pt x 142.26378pt.


[9 <./images/kresz.jpg>]
2. fejezet.


[10

]

[11]
3. fejezet.
<images/fomenu.png, id=296, 1445.4pt x 813.0375pt>
File: images/fomenu.png Graphic file (type png)
<use images/fomenu.png>
Package pdftex.def Info: images/fomenu.png  used on input line 171.
(pdftex.def)             Requested size: 252.90468pt x 142.26378pt.
<images/fail.png, id=297, 1445.4pt x 813.0375pt>
File: images/fail.png Graphic file (type png)
<use images/fail.png>
Package pdftex.def Info: images/fail.png  used on input line 180.
(pdftex.def)             Requested size: 252.90468pt x 142.26378pt.
<images/succes.png, id=298, 1445.4pt x 813.0375pt>
File: images/succes.png Graphic file (type png)
<use images/succes.png>
Package pdftex.def Info: images/succes.png  used on input line 188.
(pdftex.def)             Requested size: 252.90468pt x 142.26378pt.


[12

 <./images/fomenu.PNG>]
<images/easy.png, id=305, 1445.4pt x 813.0375pt>
File: images/easy.png Graphic file (type png)
<use images/easy.png>
Package pdftex.def Info: images/easy.png  used on input line 198.
(pdftex.def)             Requested size: 252.90468pt x 142.26378pt.
<images/medium.png, id=306, 1445.4pt x 813.0375pt>
File: images/medium.png Graphic file (type png)
<use images/medium.png>
Package pdftex.def Info: images/medium.png  used on input line 204.
(pdftex.def)             Requested size: 252.90468pt x 142.26378pt.


[13 <./images/fail.PNG> <./images/succes.PNG> <./images/easy.PNG>]
<images/hard.png, id=318, 1445.4pt x 813.0375pt>
File: images/hard.png Graphic file (type png)
<use images/hard.png>
Package pdftex.def Info: images/hard.png  used on input line 210.
(pdftex.def)             Requested size: 252.90468pt x 142.26378pt.
<images/test.png, id=319, 1445.4pt x 813.0375pt>
File: images/test.png Graphic file (type png)
<use images/test.png>
Package pdftex.def Info: images/test.png  used on input line 218.
(pdftex.def)             Requested size: 252.90468pt x 142.26378pt.


[14 <./images/medium.PNG> <./images/hard.PNG> <./images/test.PNG>]
4. fejezet.


[15

]
LaTeX Font Info:    Trying to load font information for TS1+lmr on input line 2
48.
 (c:/texlive/2024/texmf-dist/tex/latex/lm/ts1lmr.fd
File: ts1lmr.fd 2015/05/01 v1.6.1 Font defs for Latin Modern
)

[16{c:/texlive/2024/texmf-dist/fonts/enc/dvips/lm/lm-ts1.enc}]
<images/road.png, id=340, 651.93562pt x 339.51843pt>
File: images/road.png Graphic file (type png)
<use images/road.png>
Package pdftex.def Info: images/road.png  used on input line 281.
(pdftex.def)             Requested size: 273.16449pt x 142.26378pt.


[17 <./images/road.PNG>]
<images/jarmu.png, id=348, 460.72125pt x 265.74281pt>
File: images/jarmu.png Graphic file (type png)
<use images/jarmu.png>
Package pdftex.def Info: images/jarmu.png  used on input line 298.
(pdftex.def)             Requested size: 246.64864pt x 142.26378pt.


[18 <./images/jarmu.PNG>]
<images/keresztezodes.png, id=355, 536.75531pt x 307.1475pt>
File: images/keresztezodes.png Graphic file (type png)
<use images/keresztezodes.png>
Package pdftex.def Info: images/keresztezodes.png  used on input line 314.
(pdftex.def)             Requested size: 248.614pt x 142.26378pt.


[19 <./images/keresztezodes.PNG>]
5. fejezet.
<images/jarmu2.png, id=363, 477.28313pt x 294.34969pt>
File: images/jarmu2.png Graphic file (type png)
<use images/jarmu2.png>
Package pdftex.def Info: images/jarmu2.png  used on input line 326.
(pdftex.def)             Requested size: 230.68092pt x 142.26378pt.


[20

 <./images/jarmu2.PNG>]
<images/mento2.jpg, id=370, 793.96625pt x 446.66875pt>
File: images/mento2.jpg Graphic file (type jpg)
<use images/mento2.jpg>
Package pdftex.def Info: images/mento2.jpg  used on input line 341.
(pdftex.def)             Requested size: 252.87502pt x 142.26378pt.
<images/korforgalom.jpg, id=372, 1204.5pt x 675.52374pt>
File: images/korforgalom.jpg Graphic file (type jpg)
<use images/korforgalom.jpg>
Package pdftex.def Info: images/korforgalom.jpg  used on input line 353.
(pdftex.def)             Requested size: 253.65088pt x 142.26378pt.


[21 <./images/mento2.jpg>]
<images/villamos.jpg, id=380, 888.31876pt x 444.66125pt>
File: images/villamos.jpg Graphic file (type jpg)
<use images/villamos.jpg>
Package pdftex.def Info: images/villamos.jpg  used on input line 366.
(pdftex.def)             Requested size: 284.20003pt x 142.26378pt.
<images/mento.jpg, id=382, 903.375pt x 444.66125pt>
File: images/mento.jpg Graphic file (type jpg)
<use images/mento.jpg>
Package pdftex.def Info: images/mento.jpg  used on input line 371.
(pdftex.def)             Requested size: 289.01698pt x 142.26378pt.


[22 <./images/korforgalom.jpg>]

[23 <./images/villamos.jpg> <./images/mento.jpg>]
6. fejezet.
<images/test_fail.png, id=398, 1444.64719pt x 813.0375pt>
File: images/test_fail.png Graphic file (type png)
<use images/test_fail.png>
Package pdftex.def Info: images/test_fail.png  used on input line 394.
(pdftex.def)             Requested size: 252.77296pt x 142.26378pt.


[24

 <./images/test_fail.PNG>]

[25]

[26

]
LaTeX Font Info:    Trying to load font information for T1+lmtt on input line 4
23.
 (c:/texlive/2024/texmf-dist/tex/latex/lm/t1lmtt.fd
File: t1lmtt.fd 2015/05/01 v1.6.1 Font defs for Latin Modern
)
Underfull \hbox (badness 1173) in paragraph at lines 427--428
[]\T1/lmr/m/sc/12 Wikipédia\T1/lmr/m/n/12 : \T1/lmr/m/it/12 Go-dot (game en-gi-
ne)\T1/lmr/m/n/12 , []$\T1/lmtt/m/n/12 https : / / en . wikipedia . org / wiki 
/ Godot _
 []


Underfull \hbox (badness 1596) in paragraph at lines 429--430
[]\T1/lmr/m/sc/12 Wikipédia\T1/lmr/m/n/12 : \T1/lmr/m/it/12 Unity (game en-gi-n
e)\T1/lmr/m/n/12 , []$\T1/lmtt/m/n/12 https : / / en . wikipedia . org / wiki /
 Unity _
 []


Underfull \hbox (badness 10000) in paragraph at lines 431--432
[]\T1/lmr/m/sc/12 Wikipédia\T1/lmr/m/n/12 : \T1/lmr/m/it/12 Unity Tech-no-lo-gi
-es\T1/lmr/m/n/12 : []$\T1/lmtt/m/n/12 https : / / en . wikipedia . org / wiki 
/ Unity _
 []


Underfull \hbox (badness 10000) in paragraph at lines 435--436
[]\T1/lmr/m/sc/12 Unity Do-cu-men-ta-ti-on\T1/lmr/m/n/12 : \T1/lmr/m/it/12 Mon-
o-Be-ha-vi-o-ur\T1/lmr/m/n/12 : []$\T1/lmtt/m/n/12 https : / / docs . unity3d .
 com /
 []


Underfull \hbox (badness 1490) in paragraph at lines 437--438
[]\T1/lmr/m/sc/12 Wikipédia\T1/lmr/m/n/12 : \T1/lmr/m/it/12 KRESZ\T1/lmr/m/n/12
 : []$\T1/lmtt/m/n/12 https : / / hu . wikipedia . org / wiki / KRESZ$[]\T1/lmr
/m/n/12 , Meg-te-kint-ve:
 []



[27

]
Underfull \hbox (badness 2012) in paragraph at lines 441--442
[]\T1/lmr/m/sc/12 KRESZ vizs-ga\T1/lmr/m/n/12 : \T1/lmr/m/it/12 Há-rom pon-tos 
fel-adat\T1/lmr/m/n/12 , []$\T1/lmtt/m/n/12 https : / / szuperjogsi . hu / imag
es /
 []


Underfull \hbox (badness 10000) in paragraph at lines 445--446
\T1/lmtt/m/n/12 helyi-[]eletstilus / 2025 / 07 / kresz-[]teszt-[]villamos-[]els
obbseg$[]\T1/lmr/m/n/12 , Le-tölt-ve:
 []


Underfull \hbox (badness 10000) in paragraph at lines 449--450
[]\T1/lmr/m/sc/12 KRESZ vizs-ga\T1/lmr/m/n/12 : \T1/lmr/m/it/12 KRESZ fel-adat 
men-t®-au-tó-
 []


Underfull \hbox (badness 10000) in paragraph at lines 449--450
\T1/lmr/m/it/12 val\T1/lmr/m/n/12 , []$\T1/lmtt/m/n/12 https : / / www . szon .
 hu / helyi-[]kozelet / 2025 / 07 /
 []


Underfull \hbox (badness 10000) in paragraph at lines 449--450
\T1/lmtt/m/n/12 megelozheto-[]a-[]mento-[]a-[]legtobben-[]bebukjak-[]ezt-[]a-[]
kerdest # google _
 []


Underfull \hbox (badness 1874) in paragraph at lines 453--454
[]\T1/lmr/m/sc/12 DOOM\T1/lmr/m/n/12 : \T1/lmr/m/it/12 DO-OM kép-er-ny®-kép\T1/
lmr/m/n/12 , []$\T1/lmtt/m/n/12 https : / / upload . wikimedia . org / wikipedi
a /
 []


Underfull \hbox (badness 10000) in paragraph at lines 453--454
\T1/lmtt/m/n/12 en / thumb / d / de / Doom _ ingame _ 1 . png / 250px-[]Doom _ 
ingame _ 1 . png$[]\T1/lmr/m/n/12 , Le-tölt-ve:
 []


Overfull \hbox (6.81438pt too wide) in paragraph at lines 455--456
\T1/lmtt/m/n/12 com / ue5-[]modeling-[]mode-[]tech-[]blog-[]sandsculpting-[]284
4x1559-[]1885809c9ebd .
 []

<nyilatkozat/nyilatkozat.pdf, id=445, 597.50829pt x 845.0471pt>
File: nyilatkozat/nyilatkozat.pdf Graphic file (type pdf)
<use nyilatkozat/nyilatkozat.pdf>
Package pdftex.def Info: nyilatkozat/nyilatkozat.pdf  used on input line 463.
(pdftex.def)             Requested size: 597.50682pt x 845.04504pt.
File: nyilatkozat/nyilatkozat.pdf Graphic file (type pdf)
<use nyilatkozat/nyilatkozat.pdf>
Package pdftex.def Info: nyilatkozat/nyilatkozat.pdf  used on input line 463.
(pdftex.def)             Requested size: 597.50682pt x 845.04504pt.
<nyilatkozat/nyilatkozat.pdf, id=448, page=1, 597.50829pt x 845.0471pt>
File: nyilatkozat/nyilatkozat.pdf Graphic file (type pdf)
<use nyilatkozat/nyilatkozat.pdf, page 1>
Package pdftex.def Info: nyilatkozat/nyilatkozat.pdf , page1 used on input line
 463.
(pdftex.def)             Requested size: 597.50682pt x 845.04504pt.
File: nyilatkozat/nyilatkozat.pdf Graphic file (type pdf)
<use nyilatkozat/nyilatkozat.pdf, page 1>
Package pdftex.def Info: nyilatkozat/nyilatkozat.pdf , page1 used on input line
 463.
(pdftex.def)             Requested size: 597.53416pt x 845.08372pt.


[28

]
File: nyilatkozat/nyilatkozat.pdf Graphic file (type pdf)
<use nyilatkozat/nyilatkozat.pdf, page 1>
Package pdftex.def Info: nyilatkozat/nyilatkozat.pdf , page1 used on input line
 463.
(pdftex.def)             Requested size: 597.53416pt x 845.08372pt.
File: nyilatkozat/nyilatkozat.pdf Graphic file (type pdf)
<use nyilatkozat/nyilatkozat.pdf, page 1>
Package pdftex.def Info: nyilatkozat/nyilatkozat.pdf , page1 used on input line
 463.
(pdftex.def)             Requested size: 597.53416pt x 845.08372pt.


File: nyilatkozat/nyilatkozat.pdf Graphic file (type pdf)
<use nyilatkozat/nyilatkozat.pdf, page 1>
Package pdftex.def Info: nyilatkozat/nyilatkozat.pdf , page1 used on input line
 463.
(pdftex.def)             Requested size: 597.53416pt x 845.08372pt.
[29

 <./nyilatkozat/nyilatkozat.pdf>] (./CUK9HS_2026.aux)
 ***********
LaTeX2e <2024-06-01> patch level 2
L3 programming layer <2024-08-30>
 ***********
Package rerunfilecheck Info: File `CUK9HS_2026.out' has not changed.
(rerunfilecheck)             Checksum: 488A86457B1B82D7DAE9AB1FEBE164BB;5920.
 ) 
Here is how much of TeX's memory you used:
 15390 strings out of 473578
 248012 string characters out of 5732242
 665364 words of memory out of 5000000
 37940 multiletter control sequences out of 15000+600000
 621355 words of font info for 87 fonts, out of 8000000 for 9000
 1141 hyphenation exceptions out of 8191
 84i,17n,93p,649b,638s stack positions out of 10000i,1000n,20000p,200000b,200000s
<c:/texlive/2024/texmf-dist/fonts/type1/public/lm/lmbx12.pfb><c:/texlive/2024
/texmf-dist/fonts/type1/public/lm/lmcsc10.pfb><c:/texlive/2024/texmf-dist/fonts
/type1/public/lm/lmr12.pfb><c:/texlive/2024/texmf-dist/fonts/type1/public/lm/lm
r8.pfb><c:/texlive/2024/texmf-dist/fonts/type1/public/lm/lmri12.pfb><c:/texlive
/2024/texmf-dist/fonts/type1/public/lm/lmtt12.pfb>
Output written on CUK9HS_2026.pdf (29 pages, 5210240 bytes).
PDF statistics:
 541 PDF objects out of 1000 (max. 8388607)
 445 compressed objects within 5 object streams
 110 named destinations out of 1000 (max. 500000)
 445 words of extra memory for PDF output out of 10000 (max. 10000000)

